
[2026-08-26 18:48:29] Запуск приложения
Журнал запуска: data/logs/launch.log
WARNING: The directory '/Users/aleksandrshell/Library/Caches/pip' or its parent directory is not owned or is not writable by the current user. The cache has been disabled. Check the permissions and owner of that directory. If executing pip with sudo, you should use sudo's -H flag.
WARNING: Retrying (Retry(total=4, connect=None, read=None, redirect=None, status=None)) after connection broken by 'NameResolutionError("HTTPSConnection(host='pypi.org', port=443): Failed to resolve 'pypi.org' ([Errno 8] nodename nor servname provided, or not known)")': /simple/pyside6/
WARNING: Retrying (Retry(total=3, connect=None, read=None, redirect=None, status=None)) after connection broken by 'NameResolutionError("HTTPSConnection(host='pypi.org', port=443): Failed to resolve 'pypi.org' ([Errno 8] nodename nor servname provided, or not known)")': /simple/pyside6/
WARNING: Retrying (Retry(total=2, connect=None, read=None, redirect=None, status=None)) after connection broken by 'NameResolutionError("HTTPSConnection(host='pypi.org', port=443): Failed to resolve 'pypi.org' ([Errno 8] nodename nor servname provided, or not known)")': /simple/pyside6/
WARNING: Retrying (Retry(total=1, connect=None, read=None, redirect=None, status=None)) after connection broken by 'NameResolutionError("HTTPSConnection(host='pypi.org', port=443): Failed to resolve 'pypi.org' ([Errno 8] nodename nor servname provided, or not known)")': /simple/pyside6/
WARNING: Retrying (Retry(total=0, connect=None, read=None, redirect=None, status=None)) after connection broken by 'NameResolutionError("HTTPSConnection(host='pypi.org', port=443): Failed to resolve 'pypi.org' ([Errno 8] nodename nor servname provided, or not known)")': /simple/pyside6/
ERROR: Could not find a version that satisfies the requirement PySide6<7,>=6.8 (from versions: none)
ERROR: No matching distribution found for PySide6<7,>=6.8
ОШИБКА: не удалось установить зависимости. Проверьте подключение к интернету и повторите запуск.

[2026-08-26 18:51:00] Запуск приложения
Журнал запуска: data/logs/launch.log
Requirement already satisfied: PySide6<7,>=6.8 in ./.venv/lib/python3.14/site-packages (from -r requirements.txt (line 1)) (6.11.2)
Requirement already satisfied: shiboken6==6.11.2 in ./.venv/lib/python3.14/site-packages (from PySide6<7,>=6.8->-r requirements.txt (line 1)) (6.11.2)
Requirement already satisfied: PySide6_Essentials==6.11.2 in ./.venv/lib/python3.14/site-packages (from PySide6<7,>=6.8->-r requirements.txt (line 1)) (6.11.2)
Requirement already satisfied: PySide6_Addons==6.11.2 in ./.venv/lib/python3.14/site-packages (from PySide6<7,>=6.8->-r requirements.txt (line 1)) (6.11.2)

[2026-08-27 21:44:09] Запуск приложения
Журнал запуска: data/logs/launch.log
Requirement already satisfied: PySide6<7,>=6.8 in ./.venv/lib/python3.14/site-packages (from -r requirements.txt (line 1)) (6.11.2)
Requirement already satisfied: shiboken6==6.11.2 in ./.venv/lib/python3.14/site-packages (from PySide6<7,>=6.8->-r requirements.txt (line 1)) (6.11.2)
Requirement already satisfied: PySide6_Essentials==6.11.2 in ./.venv/lib/python3.14/site-packages (from PySide6<7,>=6.8->-r requirements.txt (line 1)) (6.11.2)
Requirement already satisfied: PySide6_Addons==6.11.2 in ./.venv/lib/python3.14/site-packages (from PySide6<7,>=6.8->-r requirements.txt (line 1)) (6.11.2)
qt.qpa.plugin: Could not find the Qt platform plugin "cocoa" in "/Users/aleksandrshell/Desktop/PersonnelTracker/personnel_tracker_v04_mac_test/.venv/lib/python3.14/site-packages/PySide6/Qt/plugins/platforms"
This application failed to start because no Qt platform plugin could be initialized. Reinstalling the application may fix this problem.

